// Jest Snapshot v1, https://goo.gl/fbAQLP

exports[`element snppshot match 1`] = `"<h1>hello message</h1><button>count is: 0</button><p> Edit <code>components/HelloWorld.vue</code> to test hot module replacement. </p>"`;
